#./src/main/resources/Entities.map
#Sun Mar 10 19:05:11 CET 2019
admin1-in=786
message1=815
President=822
admin1-out=787
brotherhood2-spam=812
Fundraiser=827
brotherhood1-in=805
enrol3=844
enrol2=843
request4=841
enrol1=842
Treasurer=825
request3=838
request2=840
request1=837
member2-trash=804
member1-trash=799
member2-in=800
member2-out=801
member2-spam=802
admin1-Spam=785
brotherhood2=835
member2=833
area2=830
brotherhood1=834
member1=832
area1=829
brotherhood2-out=811
member2-notification=803
configurations=831
Officer=828
admin1-trash=788
Historian=826
brotherhood2-notification=813
Vice\ President=823
admin1-notification=789
member1-out=796
coach4=819
brotherhood2-trash=814
brotherhood2-in=810
procession2=839
coach3=818
brotherhood1-trash=809
procession1=836
coach2=817
Secretary=824
coach1=816
brotherhood1-spam=807
member1-notification=798
brotherhood1-out=806
userAccount6=783
userAccount5=782
userAccount4=781
userAccount3=780
userAccount2=779
userAccount1=778
brotherhood1-notification=808
member1-spam=797
member1-in=795
admin1=784
socialIdentity5=794
socialIdentity4=793
socialIdentity3=792
socialIdentity2=791
socialIdentity1=790
finder2=821
finder1=820
